Running ExUnit with seed: 715282, max_cases: 36
Excluding tags: [:bench]
Including tags: [:s3]

................................................................................................23:27:25.956 [error] failed to record captured version: cannot find ownership process for #PID<0.1536.0> (:cap_guard_8517)
(Fathom.Repo) using mode :manual.
(Note that a connection's mode reverts to :manual if its owner
terminates.)

When using ownership, you must manage connections in one
of the four ways:

* By explicitly checking out a connection
* By explicitly allowing a spawned process
* By running the pool in shared mode
* By using :caller option with allowed process

The first two options require every new process to explicitly
check a connection out or be allowed by calling checkout or
allow respectively.

The third option requires a {:shared, pid} mode to be set.
If using shared mode in tests, make sure your tests are not
async.

The fourth option requires [caller: pid] to be used when
checking out a connection from the pool. The caller process
should already be allowed on a connection.

If you are reading this error, it means you have not done one
of the steps above or that the owner process has crashed.

See Ecto.Adapters.SQL.Sandbox docs for more information.
..................................................................................................23:27:26.066 [warning] Migrator.HeadCache refresh failed: %DBConnection.OwnershipError{message: "cannot find ownership process for #PID<0.636.0> (Fathom.Migrator.HeadCache)\n(Fathom.Repo) using mode :manual.\n(Note that a connection's mode reverts to :manual if its owner\nterminates.)\n\nWhen using ownership, you must manage connections in one\nof the four ways:\n\n* By explicitly checking out a connection\n* By explicitly allowing a spawned process\n* By running the pool in shared mode\n* By using :caller option with allowed process\n\nThe first two options require every new process to explicitly\ncheck a connection out or be allowed by calling checkout or\nallow respectively.\n\nThe third option requires a {:shared, pid} mode to be set.\nIf using shared mode in tests, make sure your tests are not\nasync.\n\nThe fourth option requires [caller: pid] to be used when\nchecking out a connection from the pool. The caller process\nshould already be allowed on a connection.\n\nIf you are reading this error, it means you have not done one\nof the steps above or that the owner process has crashed.\n\nSee Ecto.Adapters.SQL.Sandbox docs for more information."}
........................................................................................23:27:28.506 [warning] shard novel_warm_3714: warm file has no provenance sidecar (legacy); adopting current etag
....................................................23:27:32.663 [warning] shard warmpromo_16259: warm file has no provenance sidecar (legacy); adopting current etag
...............................23:27:34.155 [warning] heartbeat restarted for nonode@nohost#a1a19793 (generation 2); coordinators will revalidate
.23:27:34.403 [warning] heartbeat restarted for nonode@nohost#a1a19793 (generation 4); coordinators will revalidate
.23:27:34.472 [warning] heartbeat restarted for nonode@nohost#a1a19793 (generation 5); coordinators will revalidate
.23:27:34.533 [warning] heartbeat restarted for nonode@nohost#a1a19793 (generation 6); coordinators will revalidate
.23:27:34.544 [warning] heartbeat restarted for nonode@nohost#a1a19793 (generation 7); coordinators will revalidate
.23:27:38.502 [error] shard novel_known_7619: lease superseded by another node; self-fencing (stop without flush)
23:27:38.502 [error] shard novel_grant_7683: lease superseded by another node; self-fencing (stop without flush)
23:27:38.502 [error] shard novel_grant_1166: lease superseded by another node; self-fencing (stop without flush)
23:27:38.505 [error] shard novel_off_7939: lease superseded by another node; self-fencing (stop without flush)
23:27:38.505 [error] shard novel_grant_7811: lease superseded by another node; self-fencing (stop without flush)
23:27:38.507 [error] shard novel_grant_1422: lease superseded by another node; self-fencing (stop without flush)
23:27:38.507 [error] shard novel_warm_3714: lease superseded by another node; self-fencing (stop without flush)
23:27:38.507 [error] shard novel_warm_3714: fence quarantine FAILED ({:error, :enoent}); dropping local copy
23:27:38.508 [error] shard novel_grant_8259: lease superseded by another node; self-fencing (stop without flush)
23:27:38.610 [error] shard lru_9027: lease superseded by another node; self-fencing (stop without flush)
23:27:38.610 [error] shard lru_8899: lease superseded by another node; self-fencing (stop without flush)
23:27:38.610 [error] shard lru_9027: fence quarantine FAILED ({:error, :enoent}); dropping local copy
.23:27:41.638 [error] shard lru_9539: lease superseded by another node; self-fencing (stop without flush)
23:27:41.662 [error] shard lru_9795: lease superseded by another node; self-fencing (stop without flush)
23:27:41.662 [error] shard lru_9923: lease superseded by another node; self-fencing (stop without flush)
23:27:41.662 [error] shard lru_10051: lease superseded by another node; self-fencing (stop without flush)
23:27:41.663 [error] shard lru_10051: fence quarantine FAILED ({:error, :enoent}); dropping local copy
23:27:41.663 [error] shard lru_9923: fence quarantine FAILED ({:error, :enoent}); dropping local copy
23:27:41.688 [error] shard lru_10307: lease superseded by another node; self-fencing (stop without flush)
23:27:41.688 [error] shard lru_10307: fence quarantine FAILED ({:error, :enoent}); dropping local copy
23:27:41.696 [error] shard lru_10819: lease superseded by another node; self-fencing (stop without flush)
23:27:41.696 [error] shard lru_10691: lease superseded by another node; self-fencing (stop without flush)
23:27:41.696 [error] shard lru_10819: fence quarantine FAILED ({:error, :enoent}); dropping local copy
23:27:41.696 [error] shard lru_10691: fence quarantine FAILED ({:error, :enoent}); dropping local copy
23:27:41.705 [error] shard lru_10947: lease superseded by another node; self-fencing (stop without flush)
23:27:41.705 [error] shard lru_10947: fence quarantine FAILED ({:error, :enoent}); dropping local copy
23:27:43.817 [error] shard wirea_57733: lease superseded by another node; self-fencing (stop without flush)
23:27:43.818 [error] shard wirea_57733: fence quarantine FAILED ({:error, :enoent}); dropping local copy
23:27:43.820 [error] shard wireb_57797: lease superseded by another node; self-fencing (stop without flush)
23:27:43.820 [error] shard wireb_57797: fence quarantine FAILED ({:error, :enoent}); dropping local copy
23:27:43.826 [error] shard wire_57925: lease superseded by another node; self-fencing (stop without flush)
23:27:43.826 [error] shard wire_57925: fence quarantine FAILED ({:error, :enoent}); dropping local copy
23:27:43.828 [error] shard tenant_58053: lease superseded by another node; self-fencing (stop without flush)
23:27:43.828 [error] shard tenant_58053: fence quarantine FAILED ({:error, :enoent}); dropping local copy
23:27:43.832 [error] shard template_58117: lease superseded by another node; self-fencing (stop without flush)
23:27:43.832 [error] shard template_58117: fence quarantine FAILED ({:error, :enoent}); dropping local copy
...........................................23:27:49.238 [warning] suspension reconcile failed: directory unreachable
.23:27:49.290 [warning] tombstone load failed: directory unreachable
........................23:27:49.682 [warning] restore drill: drill_14087 schema mismatch (object user_version=0 vs directory schema_version=5)
23:27:49.682 [error] restore drill: 1 shard(s) FAILED verification (%{schema_mismatch: 1})
.23:27:49.689 [error] restore drill: 1 shard(s) FAILED verification (%{corrupt: 1})
........23:27:49.711 [error] Handler "crash-14791" has failed and has been detached. Class=:error
Reason=%RuntimeError{message: "handler boom"}
Stacktrace=[
  {Fathom.Rebalancer.CommandPollerTest,
   :"-test a crashing telemetry handler never wedges a command's completion (#8)/1-fun-0-",
   4,
   [
     file: ~c"test/fathom/rebalancer/command_poller_test.exs",
     line: 110,
     error_info: %{module: Exception}
   ]},
  {:telemetry, :do_execute, 4,
   [
     file: ~c"/Users/cwisecarver/NotWork/fathom/deps/telemetry/src/telemetry.erl",
     line: 202
   ]},
  {Fathom.Rebalancer.CommandPoller, :complete, 3,
   [file: ~c"lib/fathom/rebalancer/command_poller.ex", line: 289]},
  {Task.Supervised, :invoke_mfa, 2,
   [file: ~c"lib/task/supervised.ex", line: 105]},
  {Task.Supervised, :reply, 4, [file: ~c"lib/task/supervised.ex", line: 40]}
]

....23:27:50.226 [warning] command poller: batch task died (:killed) without completing; recovered 1 leaked in-flight command(s)
...................23:27:50.358 [warning] tombstone incremental refresh failed: boom
.............23:27:51.776 [warning] rebalance: unpinned hot_1 — dead_node not live (S3 lease free); re-homing
......23:27:51.831 [warning] rebalance: unpinned stale_64645 — dead_node not live (S3 lease free); re-homing
..23:27:51.840 [warning] rebalance: kept pin recon_held_17474 — ghost isn't beating but S3 lease held by ghost; reporter/data-plane divergence, not unpinning (fail-safe)
..............................23:27:52.618 [warning] rebalance: unpinned hot_1 — dead_node not live (S3 lease free); re-homing
..23:27:53.439 [warning] rebalance: handoff tel_ho_19330 failed (:drain_timeout); reverted to nonode@nohost
...........................23:27:53.638 [warning] reconcile: enqueued reverts for 1 shard(s) stranded on yanked versions
........23:27:54.027 [warning] shard revert_13510: reverted v2 -> v1; writes on v2 since cutover are DISCARDED from live but recoverable at revert_13510@2 for the retention window (last_active_at ~U[2026-07-26 03:27:54.019723Z])
......23:27:54.037 [warning] rebalance: handoff evil; } server { # failed ({:invalid_pin, [shard_id: {"is not a valid shard id", []}]}); reverted to nonode@nohost
...23:27:54.868 [warning] rebalance: handoff handoff_14854 failed (:drain_timeout); reverted to nonode@nohost
..23:27:55.510 [warning] rebalancer: LB reload `false` exited 1: 
23:27:55.520 [warning] rebalancer: LB reload `false` exited 1: 
23:27:55.520 [warning] rebalance: handoff handoff_15174 failed ({:reload_failed, 1}); reverted to nonode@nohost
...............23:27:55.963 [error] shard object at /fathom-shards-test/leasetest/s3_22914.db is stored with an encoding this node cannot decode ({:unknown_object_encoding, "zstd-v9"}); refusing the pull rather than serving undecodable bytes as a database. Upgrade this node to a build that supports it.
................................23:27:56.172 [warning] shard job_27714: reverted v2 -> v1; writes on v2 since cutover are DISCARDED from live but recoverable at job_27714@2 for the retention window (last_active_at ~U[2026-07-26 03:27:56.165564Z])
......23:27:56.249 [warning] shard job_29634: reverted v2 -> v1; writes on v2 since cutover are DISCARDED from live but recoverable at job_29634@2 for the retention window (last_active_at ~U[2026-07-26 03:27:56.241126Z])
.....23:27:56.333 [warning] shard job_36931: reverted v2 -> v1; writes on v2 since cutover are DISCARDED from live but recoverable at job_36931@2 for the retention window (last_active_at ~U[2026-07-26 03:27:56.323110Z])
..............................23:27:56.386 [warning] shard test_exec_32962 execute raised: no function clause matching in Exqlite.Sqlite3.bind/2
.....23:27:56.389 [warning] heartbeat restarted for nonode@nohost#a1a19793 (generation 8); coordinators will revalidate
.............23:27:56.453 [warning] revocation floor read failed for test_auth_34882: cannot find ownership process for #PID<0.10554.0> ({Fathom.HranaAuthTest, :"test through the real Hrana pipeline WebSocket hello authenticates via the jwt field (django-libsql's path)"})
(Fathom.Repo) using mode :manual.
(Note that a connection's mode reverts to :manual if its owner
terminates.)

When using ownership, you must manage connections in one
of the four ways:

* By explicitly checking out a connection
* By explicitly allowing a spawned process
* By running the pool in shared mode
* By using :caller option with allowed process

The first two options require every new process to explicitly
check a connection out or be allowed by calling checkout or
allow respectively.

The third option requires a {:shared, pid} mode to be set.
If using shared mode in tests, make sure your tests are not
async.

The fourth option requires [caller: pid] to be used when
checking out a connection from the pool. The caller process
should already be allowed on a connection.

If you are reading this error, it means you have not done one
of the steps above or that the owner process has crashed.

See Ecto.Adapters.SQL.Sandbox docs for more information.
...23:27:56.454 [warning] revocation floor read failed for acme: cannot find ownership process for #PID<0.10582.0> ({Fathom.HranaAuthTest, :"test an expired token is refused when :hrana_token_max_age is set"})
(Fathom.Repo) using mode :manual.
(Note that a connection's mode reverts to :manual if its owner
terminates.)

When using ownership, you must manage connections in one
of the four ways:

* By explicitly checking out a connection
* By explicitly allowing a spawned process
* By running the pool in shared mode
* By using :caller option with allowed process

The first two options require every new process to explicitly
check a connection out or be allowed by calling checkout or
allow respectively.

The third option requires a {:shared, pid} mode to be set.
If using shared mode in tests, make sure your tests are not
async.

The fourth option requires [caller: pid] to be used when
checking out a connection from the pool. The caller process
should already be allowed on a connection.

If you are reading this error, it means you have not done one
of the steps above or that the owner process has crashed.

See Ecto.Adapters.SQL.Sandbox docs for more information.
.23:27:56.454 [warning] revocation floor read failed for acme: cannot find ownership process for #PID<0.10584.0> ({Fathom.HranaAuthTest, :"test :required accepts a token minted for the same shard"})
(Fathom.Repo) using mode :manual.
(Note that a connection's mode reverts to :manual if its owner
terminates.)

When using ownership, you must manage connections in one
of the four ways:

* By explicitly checking out a connection
* By explicitly allowing a spawned process
* By running the pool in shared mode
* By using :caller option with allowed process

The first two options require every new process to explicitly
check a connection out or be allowed by calling checkout or
allow respectively.

The third option requires a {:shared, pid} mode to be set.
If using shared mode in tests, make sure your tests are not
async.

The fourth option requires [caller: pid] to be used when
checking out a connection from the pool. The caller process
should already be allowed on a connection.

If you are reading this error, it means you have not done one
of the steps above or that the owner process has crashed.

See Ecto.Adapters.SQL.Sandbox docs for more information.
...23:27:56.455 [warning] revocation floor read failed for test_auth_38339: cannot find ownership process for #PID<0.10595.0> ({Fathom.HranaAuthTest, :"test through the real Hrana pipeline a request with the shard's token runs SQL"})
(Fathom.Repo) using mode :manual.
(Note that a connection's mode reverts to :manual if its owner
terminates.)

When using ownership, you must manage connections in one
of the four ways:

* By explicitly checking out a connection
* By explicitly allowing a spawned process
* By running the pool in shared mode
* By using :caller option with allowed process

The first two options require every new process to explicitly
check a connection out or be allowed by calling checkout or
allow respectively.

The third option requires a {:shared, pid} mode to be set.
If using shared mode in tests, make sure your tests are not
async.

The fourth option requires [caller: pid] to be used when
checking out a connection from the pool. The caller process
should already be allowed on a connection.

If you are reading this error, it means you have not done one
of the steps above or that the owner process has crashed.

See Ecto.Adapters.SQL.Sandbox docs for more information.
..23:27:56.456 [warning] hrana_auth is :required with no :hrana_token_secret — tokens are signing with the web secret_key_base, so rotating it will invalidate EVERY Hrana token. Set HRANA_TOKEN_SECRET to decouple the data path from web sessions.
.23:27:56.456 [warning] hrana_auth is :required but :hrana_token_max_age is unset (tokens NEVER expire). Set HRANA_TOKEN_MAX_AGE (seconds) to bound credential-leak exposure — rotation is now zero-downtime (HranaAuth.rotate/1), so a finite expiry is safe.
.23:27:56.456 [warning] revocation floor read failed for acme: cannot find ownership process for #PID<0.10612.0> ({Fathom.HranaAuthTest, :"test grant matching is case-canonical: a token minted for ACME authorizes acme (#19)"})
(Fathom.Repo) using mode :manual.
(Note that a connection's mode reverts to :manual if its owner
terminates.)

When using ownership, you must manage connections in one
of the four ways:

* By explicitly checking out a connection
* By explicitly allowing a spawned process
* By running the pool in shared mode
* By using :caller option with allowed process

The first two options require every new process to explicitly
check a connection out or be allowed by calling checkout or
allow respectively.

The third option requires a {:shared, pid} mode to be set.
If using shared mode in tests, make sure your tests are not
async.

The fourth option requires [caller: pid] to be used when
checking out a connection from the pool. The caller process
should already be allowed on a connection.

If you are reading this error, it means you have not done one
of the steps above or that the owner process has crashed.

See Ecto.Adapters.SQL.Sandbox docs for more information.
23:27:56.456 [warning] revocation floor read failed for acme: cannot find ownership process for #PID<0.10612.0> ({Fathom.HranaAuthTest, :"test grant matching is case-canonical: a token minted for ACME authorizes acme (#19)"})
(Fathom.Repo) using mode :manual.
(Note that a connection's mode reverts to :manual if its owner
terminates.)

When using ownership, you must manage connections in one
of the four ways:

* By explicitly checking out a connection
* By explicitly allowing a spawned process
* By running the pool in shared mode
* By using :caller option with allowed process

The first two options require every new process to explicitly
check a connection out or be allowed by calling checkout or
allow respectively.

The third option requires a {:shared, pid} mode to be set.
If using shared mode in tests, make sure your tests are not
async.

The fourth option requires [caller: pid] to be used when
checking out a connection from the pool. The caller process
should already be allowed on a connection.

If you are reading this error, it means you have not done one
of the steps above or that the owner process has crashed.

See Ecto.Adapters.SQL.Sandbox docs for more information.
........................23:28:00.328 [error] shard adm_16194: lease superseded by another node; self-fencing (stop without flush)
23:28:00.328 [error] shard adm_16194: fence quarantine FAILED ({:error, :enoent}); dropping local copy
23:28:00.340 [error] shard adm_29763: lease superseded by another node; self-fencing (stop without flush)
23:28:00.340 [error] shard adm_29763: fence quarantine FAILED ({:error, :enoent}); dropping local copy
.23:28:01.709 [warning] tombstone load failed: cannot find ownership process for #PID<0.12087.0> (Fathom.Tenants.Tombstones)
(Fathom.Repo) using mode :manual.
(Note that a connection's mode reverts to :manual if its owner
terminates.)

When using ownership, you must manage connections in one
of the four ways:

* By explicitly checking out a connection
* By explicitly allowing a spawned process
* By running the pool in shared mode
* By using :caller option with allowed process

The first two options require every new process to explicitly
check a connection out or be allowed by calling checkout or
allow respectively.

The third option requires a {:shared, pid} mode to be set.
If using shared mode in tests, make sure your tests are not
async.

The fourth option requires [caller: pid] to be used when
checking out a connection from the pool. The caller process
should already be allowed on a connection.

If you are reading this error, it means you have not done one
of the steps above or that the owner process has crashed.

See Ecto.Adapters.SQL.Sandbox docs for more information.
..................................23:28:01.861 [error] shard drain_30531: lease superseded by another node; self-fencing (stop without flush)
23:28:01.861 [error] shard drain_30531: fence quarantine FAILED ({:error, :enoent}); dropping local copy
....23:28:01.879 [error] shard drain_17794: lease superseded by another node; self-fencing (stop without flush)
....23:28:02.603 [error] shard wire_18818: lease superseded by another node; self-fencing (stop without flush)
..........23:28:02.716 [warning] shard orphan_68165: warm file has no provenance sidecar (legacy); adopting current etag
..........................................23:28:03.637 [warning] heartbeat restarted for nonode@nohost#a1a19793 (generation 9); coordinators will revalidate
.....23:28:03.648 [warning] heartbeat restarted for nonode@nohost#a1a19793 (generation 10); coordinators will revalidate
..23:28:03.653 [warning] heartbeat restarted for node_70661@test (generation 1); coordinators will revalidate
....23:28:03.661 [warning] heartbeat restarted for nonode@nohost#a1a19793 (generation 11); coordinators will revalidate
................23:28:03.879 [error] rebalancer: LB map not promoted ({:config_test_timeout, 200}); kept last-good /var/folders/1k/dbfk_l695x17w4pkn0kkg7d00000gn/T/fathom_lbapply_71621.conf
.23:28:04.089 [warning] rebalancer: LB reload `sleep 30` timed out (200ms)
.23:28:04.101 [warning] rebalancer: LB reload `false` exited 1: 
....23:28:04.127 [warning] rebalancer: LB reload `false` exited 1: 
.23:28:04.136 [error] rebalancer: LB map not promoted ({:config_test_failed, 1, ""}); kept last-good /var/folders/1k/dbfk_l695x17w4pkn0kkg7d00000gn/T/fathom_lbapply_20550.conf
...............23:28:04.459 [error] shard corrupt_42626: local db failed quick_check ({:quick_check_failed, "database disk image is malformed"}); REFUSING flush so the last good stored object stays authoritative; quarantined corrupt copy to /var/folders/1k/dbfk_l695x17w4pkn0kkg7d00000gn/T/fathom_shards/corrupt_42626.db.corrupt.1785036484
..........................................................23:28:04.972 [warning] shard mig_34564: reverted v2 -> v1; writes on v2 since cutover are DISCARDED from live but recoverable at mig_34564@2 for the retention window (last_active_at ~U[2026-07-26 03:28:04.961403Z])
.23:28:04.994 [warning] shard mig_49154: reverted v2 -> v1; writes on v2 since cutover are DISCARDED from live but recoverable at mig_49154@2 for the retention window (last_active_at ~U[2026-07-26 03:28:04.989436Z])
..23:28:05.031 [warning] shard mig_50819: reverted v2 -> v1; writes on v2 since cutover are DISCARDED from live but recoverable at mig_50819@2 for the retention window (last_active_at ~U[2026-07-26 03:28:05.025686Z])
.23:28:05.055 [warning] shard mig_50883: reverted v2 -> v1; writes on v2 since cutover are DISCARDED from live but recoverable at mig_50883@2 for the retention window (last_active_at ~U[2026-07-26 03:28:05.046176Z])
......23:28:05.155 [warning] shard mig_55362: reverted v2 -> v1; writes on v2 since cutover are DISCARDED from live but recoverable at mig_55362@2 for the retention window (last_active_at ~U[2026-07-26 03:28:05.146069Z])
...23:28:05.191 [warning] shard mig_56962: reverted v2 -> v1; writes on v2 since cutover are DISCARDED from live but recoverable at mig_56962@2 for the retention window (last_active_at ~U[2026-07-26 03:28:05.182125Z])
.23:28:05.217 [warning] shard mig_58306: reverted v2 -> v1; writes on v2 since cutover are DISCARDED from live but recoverable at mig_58306@2 for the retention window (last_active_at ~U[2026-07-26 03:28:05.207926Z])
...............23:28:05.949 [error] shard dur_63874: lease superseded during durability flush; self-fencing
23:28:05.950 [error] shard dur_63874: fence quarantine FAILED ({:error, :enoent}); dropping local copy
23:28:06.047 [error] shard lazy_25986: lease superseded by another node; self-fencing (stop without flush)
23:28:06.060 [error] shard lazy_29764: lease superseded by another node; self-fencing (stop without flush)
23:28:06.079 [error] shard lazy_32387: lease superseded by another node; self-fencing (stop without flush)
23:28:06.095 [error] shard lazy_32451: lease superseded by another node; self-fencing (stop without flush)
23:28:06.107 [error] shard lazy_27074: lease superseded by another node; self-fencing (stop without flush)
23:28:15.454 [error] shard dur_64002: lease superseded by another node; self-fencing (stop without flush)
23:28:15.496 [error] shard dur_65922: lease superseded by another node; self-fencing (stop without flush)
.23:28:25.696 [warning] revocation bulk refresh failed: cannot find ownership process for #PID<0.637.0> (Fathom.HranaAuth.Revocations)
(Fathom.Repo) using mode :manual.
(Note that a connection's mode reverts to :manual if its owner
terminates.)

When using ownership, you must manage connections in one
of the four ways:

* By explicitly checking out a connection
* By explicitly allowing a spawned process
* By running the pool in shared mode
* By using :caller option with allowed process

The first two options require every new process to explicitly
check a connection out or be allowed by calling checkout or
allow respectively.

The third option requires a {:shared, pid} mode to be set.
If using shared mode in tests, make sure your tests are not
async.

The fourth option requires [caller: pid] to be used when
checking out a connection from the pool. The caller process
should already be allowed on a connection.

If you are reading this error, it means you have not done one
of the steps above or that the owner process has crashed.

See Ecto.Adapters.SQL.Sandbox docs for more information.
...23:28:25.839 [warning] shard dur_71426: warm file has no provenance sidecar (legacy); adopting current etag
.....................................23:28:28.695 [warning] WriteCounter restarted with a fresh table; forcing open coordinators dirty (unknown ⇒ flush)
............
Finished in 64.5 seconds (0.5s async, 64.0s sync)

Result: 995 passed, 16 excluded
